stars_up_result:
    -
        github_repo_id: 1
        github_repo_stat_id: 3
    -
        github_repo_id: 1
        github_repo_stat_id: 5

codexia_review:
    -
        codexia_project_id: 5
        author: "STARS_UP"
        reason: "528"
        text: >-
            The repo gained 69 stars (from 459 to 528) in 3 hours.
            See the stars history
            [here](https://star-history.t9t.io/#test-project1/test-repo1).
