too_many_stars_result:
    -
        github_repo_id: 1
        github_repo_stat_id: 3

codexia_review: []
