codexia_project: []

codexia_review: []

codexia_review_notification: []
