forks_up_result:
    -
        github_repo_id: 1
        github_repo_stat_id: 3

codexia_review:
    -
        codexia_project_id: 5
        author: "FORKS_UP"
        reason: "459"
        text: >-
            The repo gained 57 forks (from 402 to 459) in 5 days.
