forks_up_result:
    -
        github_repo_id: 1
        github_repo_stat_id: 3
    -
        github_repo_id: 1
        github_repo_stat_id: 5

codexia_review:
    -
        codexia_project_id: 5
        author: "FORKS_UP"
        reason: "528"
        text: >-
            The repo gained 69 forks:
            from 459 (at 2020-02-16T18:46:09Z)
            to 528 (at 2020-02-24T15:34:01Z).
