forks_up_result:
    -
        github_repo_id: 1
        github_repo_stat_id: 3
    -
        github_repo_id: 1
        github_repo_stat_id: 4

codexia_review:
    -
        codexia_project_id: 5
        author: "FORKS_UP"
        reason: "502"
        text: >-
            The repo gained 43 forks (from 459 to 502) in 25 minutes.
