codexia_review:
    -
        id: 1
        codexia_project_id: 5
        author: Review author
        reason: Review reason
        text: Review text

codexia_review_notification:
    -
        codexia_review_id: 1
        status: "ERROR"
        response_code: 500
        response: ""
